

Switch>en
Switch#conf t
Enter configuration commands, one per line.  End with CNTL/Z.
Switch(config)#hostname F4-ICT-SW
F4-ICT-SW(config)#
F4-ICT-SW(config)#banner motd #This F4-ICT Switch#
F4-ICT-SW(config)#
F4-ICT-SW(config)#line console 0
F4-ICT-SW(config-line)#password cisco
F4-ICT-SW(config-line)#login
F4-ICT-SW(config-line)#exit
F4-ICT-SW(config)#
F4-ICT-SW(config)#line vyt 0 15
                        ^
% Invalid input detected at '^' marker.
	
F4-ICT-SW(config)#line vty 0 15
F4-ICT-SW(config-line)#password cisco
F4-ICT-SW(config-line)#login
F4-ICT-SW(config-line)#exit
F4-ICT-SW(config)#
F4-ICT-SW(config)#no ip domain-lookup
F4-ICT-SW(config)#enable password cisco
F4-ICT-SW(config)#service password-encryption
F4-ICT-SW(config)#
F4-ICT-SW(config)#do wr
Building configuration...
[OK]

================================================


F4-ICT-SW(config)#int range fa0/1-2
F4-ICT-SW(config-if-range)#switchport mode trunk


F4-ICT-SW(config-if-range)#no sh
F4-ICT-SW(config-if-range)#exit
F4-ICT-SW(config)#vlan 110
F4-ICT-SW(config-vlan)#name ICT
F4-ICT-SW(config-vlan)#exit
F4-ICT-SW(config)#int range fa0/3-24
F4-ICT-SW(config-if-range)#switchport mode access
F4-ICT-SW(config-if-range)#switchport access vlan 110
F4-ICT-SW(config-if-range)#switchport port-security
F4-ICT-SW(config-if-range)#switchport port-security maximum 2
F4-ICT-SW(config-if-range)#switchport port-security mac-address sticky
F4-ICT-SW(config-if-range)#switchport port-security violation shutdown
F4-ICT-SW(config-if-range)#do wr
Building configuration...
[OK]
F4-ICT-SW(config-if-range)#