
Switch>en
Switch#conf t
Enter configuration commands, one per line.  End with CNTL/Z.
Switch(config)#hostname Admin-SW
Admin-SW(config)#banner motd #
Enter TEXT message.  End with the character '#'.
************************************************************
*                    WARNING NOTICE                        *
*                                                          *
*   This system is for AUTHORIZED USERS ONLY.              *
*                                                          *
*   Unauthorized access is strictly prohibited.            *
*   All activities are monitored and recorded.             *
*                                                          *
*   Disconnect IMMEDIATELY if you are not authorized.      *
*                                                          *
************************************************************
#

Admin-SW(config)#no ip domain lookup
Admin-SW(config)#line console 0
Admin-SW(config-line)#password cisco
Admin-SW(config-line)#login
Admin-SW(config-line)#exit
Admin-SW(config)#
Admin-SW(config)#enable password cisco
Admin-SW(config)#service password-encryption
Admin-SW(config)#exit
Admin-SW#
%SYS-5-CONFIG_I: Configured from console by console

Admin-SW#wr
Building configuration...
[OK]
Admin-SW#

=================================================

Admin-SW#conf t
Enter configuration commands, one per line.  End with CNTL/Z.
Admin-SW(config)#int range fa0/1-2
Admin-SW(config-if-range)#switchport mode trunk


Admin-SW(config-if-range)#
%LINEPROTO-5-UPDOWN: Line protocol on Interface FastEthernet0/1, changed state to down

%LINEPROTO-5-UPDOWN: Line protocol on Interface FastEthernet0/1, changed state to up

%LINEPROTO-5-UPDOWN: Line protocol on Interface FastEthernet0/2, changed state to down

%LINEPROTO-5-UPDOWN: Line protocol on Interface FastEthernet0/2, changed state to up

Admin-SW(config-if-range)#exit
Admin-SW(config)#vlan 40
Admin-SW(config-vlan)#name Admin
Admin-SW(config-vlan)#int range fa0/3-24
Admin-SW(config-if-range)#switchport mode access
Admin-SW(config-if-range)#swithcport access vlan 40
                              ^
% Invalid input detected at '^' marker.
	
Admin-SW(config-if-range)#switchport access vlan 40
Admin-SW(config-if-range)#exit
Admin-SW(config)#
Admin-SW(config)#do wr
Building configuration...
[OK]
Admin-SW(config)#
Admin-SW(config)#vlan 99
Admin-SW(config-vlan)#name BlackHole
Admin-SW(config-vlan)#exit
Admin-SW(config)#int range gig0/1-2
Admin-SW(config-if-range)#switchport mode access
Admin-SW(config-if-range)#switchport access vlan 99
Admin-SW(config-if-range)#shutdown

%LINK-5-CHANGED: Interface GigabitEthernet0/1, changed state to administratively down

%LINK-5-CHANGED: Interface GigabitEthernet0/2, changed state to administratively down
Admin-SW(config-if-range)#exit
Admin-SW(config)#do wr
Building configuration...
[OK]
Admin-SW(config)#